2026-01-19 02:50 | working | Code: oracle-v2 snippets
2026-01-19 02:50 | working | Reference: oracle-v2 usage
2026-01-19 02:50 | working | Architecture: oracle-v2 structure
2026-01-19 02:52 | done | Reference: oracle-v2 usage
2026-01-19 02:52 | done | Architecture: oracle-v2 structure
2026-01-19 02:52 | done | Code: oracle-v2 snippets
2026-01-19 02:54 | working | Architecture: Rust compiler structure
2026-01-19 02:54 | working | Code: Rust compiler snippets
2026-01-19 02:54 | working | Reference: Rust compiler usage
2026-01-19 02:57 | done | Code: Rust compiler snippets
2026-01-19 02:58 | done | Reference: Rust compiler usage
2026-01-19 02:58 | done | Architecture: Rust compiler structure
2026-01-19 02:59 | working | Code: Dilithium snippets
2026-01-19 02:59 | working | Architecture: Dilithium structure
2026-01-19 02:59 | working | Reference: Dilithium usage
2026-01-19 03:00 | done | Architecture: Dilithium structure
2026-01-19 03:01 | done | Reference: Dilithium usage
2026-01-19 03:02 | done | Code: Dilithium snippets
2026-01-19 06:24 | working | Move node commands
2026-01-19 06:24 | working | Move mining commands
2026-01-19 06:24 | working | Move wallet commands
2026-01-19 06:24 | working | Move rpc commands
2026-01-19 06:24 | working | Move p2p commands
2026-01-19 06:41 | done | Move node commands
2026-01-19 06:45 | done | Move rpc commands
2026-01-19 06:47 | done | Move wallet commands
2026-01-19 06:53 | done | Move p2p commands
2026-01-19 06:53 | done | Move mining commands
2026-01-19 15:06 | working | Code Snippets Collector
2026-01-19 15:06 | working | Quick Reference Builder
2026-01-19 15:06 | working | Architecture Explorer
2026-01-19 15:07 | done | Quick Reference Builder
2026-01-19 15:08 | done | Code Snippets Collector
2026-01-19 15:08 | done | Architecture Explorer
2026-01-19 21:09 | working | Agent 1 mining
2026-01-19 21:09 | working | Agent 2 mining
2026-01-19 21:09 | done | Agent 1 mining
2026-01-19 21:09 | done | Agent 2 mining
2026-01-19 21:09 | working | Agent 1 send to Agent 2
2026-01-19 21:09 | working | Agent 2 send to Agent 1
2026-01-19 21:14 | done | Agent 2 send to Agent 1
2026-01-19 21:17 | done | Agent 1 send to Agent 2
2026-01-20 09:28 | working | Gather session data for rrr
2026-01-20 09:28 | working | Draft session retrospective
2026-01-20 09:28 | done | Gather session data for rrr
2026-01-20 09:29 | done | Draft session retrospective
2026-01-20 11:09 | working | Gather session data for rrr
2026-01-20 11:11 | done | Gather session data for rrr
2026-01-20 16:04 | working | Gather session data for rrr
2026-01-20 16:04 | done | Gather session data for rrr
2026-01-20 16:05 | working | Draft retrospective for session
2026-01-20 16:11 | done | Draft retrospective for session
2026-01-20 16:19 | working | Explore wallet encryption
2026-01-20 16:19 | working | Explore P2P reorg issues
2026-01-20 16:19 | working | Explore consensus timestamp
2026-01-20 16:20 | done | Explore wallet encryption
2026-01-20 16:20 | done | Explore consensus timestamp
2026-01-20 16:21 | done | Explore P2P reorg issues
2026-01-20 16:22 | working | Design security fix plan
2026-01-20 16:28 | done | Design security fix plan
2026-01-20 17:34 | working | Create E2E test plan for BitQuan transaction system
2026-01-20 17:36 | done | Create E2E test plan for BitQuan transaction system
2026-01-20 17:56 | working | Create u128 wallet-send fix plan
2026-01-20 17:58 | done | Create u128 wallet-send fix plan
2026-01-20 18:34 | working | Create production readiness plan
2026-01-20 18:36 | done | Create production readiness plan
2026-01-20 21:48 | working | Replace println! with log macros
2026-01-20 21:51 | done | Replace println! with log macros
2026-01-20 22:01 | working | Replace println! with log in core
2026-01-20 22:04 | done | Replace println! with log in core
2026-01-20 22:07 | working | Gather session data for rrr
2026-01-20 22:07 | done | Gather session data for rrr
2026-01-20 22:08 | working | Draft session retrospective
2026-01-20 22:10 | done | Draft session retrospective
2026-01-20 22:24 | working | Consensus audit: Find logic errors
2026-01-20 22:24 | working | Security audit: Find vulnerabilities
2026-01-20 22:24 | working | Code quality: Find technical debt
2026-01-20 22:24 | done | Code quality: Find technical debt
2026-01-20 22:24 | done | Security audit: Find vulnerabilities
2026-01-20 22:24 | done | Consensus audit: Find logic errors
2026-01-20 22:29 | working | Security audit current code
2026-01-20 22:29 | working | Consensus audit current code
2026-01-20 22:29 | working | Code quality audit current code
2026-01-20 22:29 | done | Security audit current code
2026-01-20 22:29 | done | Consensus audit current code
2026-01-20 22:29 | done | Code quality audit current code
2026-01-20 22:37 | working | Test mining workflow E2E
2026-01-20 22:37 | working | Test wallet creation E2E
2026-01-20 22:37 | working | Test transaction sending E2E
2026-01-20 22:44 | done | Test wallet creation E2E
2026-01-20 22:46 | done | Test mining workflow E2E
2026-01-20 22:49 | done | Test transaction sending E2E
2026-01-20 22:55 | working | Draft retrospective document
2026-01-20 22:55 | working | Gather session data for rrr
2026-01-20 22:56 | done | Gather session data for rrr
2026-01-20 22:57 | done | Draft retrospective document
2026-01-20 23:28 | working | Mining workflow audit
2026-01-20 23:28 | working | Wallet creation audit
2026-01-20 23:28 | working | Transaction sending audit
2026-01-20 23:30 | done | Mining workflow audit
2026-01-20 23:31 | done | Transaction sending audit
2026-01-20 23:32 | done | Wallet creation audit
