    Checking bq-crypto v0.0.1 (/Users/alphab/BitQuan/crates/crypto)
    Checking bitquan-network v0.1.0 (/Users/alphab/BitQuan/crates/network)
    Checking bq-preflight v0.1.0 (/Users/alphab/BitQuan/crates/tools/preflight)
    Checking bq-stress v0.1.0 (/Users/alphab/BitQuan/crates/tools/stress)
    Checking bitquan-consensus v0.1.0 (/Users/alphab/BitQuan/crates/consensus)
    Checking bitquan-mempool v0.1.0 (/Users/alphab/BitQuan/crates/mempool)
    Checking bitquan-rpc v0.1.0 (/Users/alphab/BitQuan/crates/rpc)
    Checking bitquan-node v0.1.0 (/Users/alphab/BitQuan/crates/node)
warning: associated items `new`, `record_block`, and `record_hash_attempt` are never used
  --> crates/node/src/miner.rs:41:12
   |
39 | impl MinerMetrics {
   | ----------------- associated items in this implementation
40 |     /// Create new metrics for given algorithms.
41 |     pub fn new(algos: &[PowAlgo]) -> Self {
   |            ^^^
...
60 |     pub fn record_block(&self, algo: PowAlgo) {
   |            ^^^^^^^^^^^^
...
67 |     pub fn record_hash_attempt(&self, algo: PowAlgo) {
   |            ^^^^^^^^^^^^^^^^^^^
   |
   = note: `#[warn(dead_code)]` on by default

warning: associated items `new`, `should_stop`, `select_algorithm`, `get_engine`, and `mine_block_attempt` are never used
   --> crates/node/src/miner.rs:116:12
    |
109 | impl HybridMiner {
    | ---------------- associated items in this implementation
...
116 |     pub fn new(weights: &[(PowAlgo, f32)], threads: usize, network: NetworkId) -> Result<Self> {
    |            ^^^
...
194 |     pub fn should_stop(&self) -> bool {
    |            ^^^^^^^^^^^
...
199 |     pub fn select_algorithm(&self, iteration: u64) -> PowAlgo {
    |            ^^^^^^^^^^^^^^^^
...
217 |     pub fn get_engine(&self, algo: PowAlgo) -> Option<Arc<dyn PowEngine + Send + Sync>> {
    |            ^^^^^^^^^^
...
227 |     pub fn mine_block_attempt(
    |            ^^^^^^^^^^^^^^^^^^

warning: `bitquan-node` (bin "bitquan-node") generated 2 warnings
    Finished `dev` profile [unoptimized + debuginfo] target(s) in 8.50s
